Analyzing mini_katalog...                                       

  error - Arguments of a constant creation must be constant expressions - lib\pages\urun_detay.dart:99:36 - const_with_non_constant_argument
  error - The getter 'price_tag' isn't defined for the type 'Icons' - lib\pages\urun_detay.dart:99:42 - undefined_getter
  error - The name 'MyApp' isn't a class - test\widget_test.dart:16:35 - creation_with_non_type

